i=0 truth_att=(0.00,-0.00,-0.00) tilt=0.0° est_att=(-0.86,0.70,0.00) ctrl_om=(-0.002,0.002,0.004) tru_om=(0.000,-0.000,-0.000) pqr=(0.045,-0.037,-0.002) err=(0.015,-0.012,-0.000)
   est_pos=(-0.00,-0.00,-5.00) tru_pos=(0.00,-0.00,-5.00) est_vel=(-0.000,-0.000,0.001) ab=(0.000,0.000,0.000) vz_des=-0.000 acc_d=-0.056 thr=0.506 ez=-0.000 iz=-0.000 d_est=-5.00 d_tru=-5.00
i=25 truth_att=(0.47,-0.36,-0.00) tilt=0.6° est_att=(-0.41,0.37,0.02) ctrl_om=(0.155,-0.111,0.000) tru_om=(0.148,-0.110,-0.000) pqr=(-0.032,0.023,-0.001) err=(0.005,-0.004,-0.000)
   est_pos=(0.01,0.00,-4.94) tru_pos=(0.00,0.00,-4.96) est_vel=(0.031,0.028,0.583) ab=(0.000,0.000,0.001) vz_des=-0.008 acc_d=-0.345 thr=0.535 ez=-0.015 iz=-0.000 d_est=-4.98 d_tru=-4.94
i=50 truth_att=(0.66,-0.56,-0.01) tilt=0.9° est_att=(-0.17,0.13,0.03) ctrl_om=(-0.039,0.001,0.002) tru_om=(-0.040,0.003,-0.001) pqr=(0.022,-0.012,-0.002) err=(0.003,-0.004,-0.001)
   est_pos=(0.00,0.00,-4.87) tru_pos=(0.00,0.00,-4.90) est_vel=(-0.020,-0.008,0.584) ab=(0.000,0.000,0.001) vz_des=-0.029 acc_d=-0.652 thr=0.566 ez=-0.056 iz=-0.001 d_est=-4.94 d_tru=-4.87
i=75 truth_att=(0.86,-0.68,-0.02) tilt=1.1° est_att=(0.00,0.01,0.03) ctrl_om=(0.070,-0.009,0.006) tru_om=(0.058,0.003,-0.002) pqr=(-0.023,0.012,-0.004) err=(-0.001,0.003,-0.001)
   est_pos=(0.00,0.00,-4.82) tru_pos=(0.00,0.00,-4.86) est_vel=(0.041,0.011,0.439) ab=(0.000,0.000,0.002) vz_des=-0.056 acc_d=-0.758 thr=0.577 ez=-0.105 iz=-0.004 d_est=-4.89 d_tru=-4.82
i=100 truth_att=(0.67,-0.50,-0.03) tilt=0.8° est_att=(-0.14,0.19,0.03) ctrl_om=(-0.081,-0.001,-0.006) tru_om=(-0.070,-0.005,-0.003) pqr=(0.018,-0.009,0.000) err=(-0.002,-0.003,-0.001)
   est_pos=(0.01,0.01,-4.78) tru_pos=(0.00,0.01,-4.82) est_vel=(0.002,0.053,0.269) ab=(0.000,0.000,0.002) vz_des=-0.083 acc_d=-0.723 thr=0.574 ez=-0.152 iz=-0.008 d_est=-4.85 d_tru=-4.78
i=125 truth_att=(0.67,-0.66,-0.06) tilt=0.9° est_att=(-0.18,0.02,0.02) ctrl_om=(0.047,0.014,0.001) tru_om=(0.042,0.019,-0.004) pqr=(-0.011,0.009,-0.001) err=(0.001,0.004,-0.000)
   est_pos=(0.01,0.01,-4.76) tru_pos=(0.01,0.01,-4.80) est_vel=(0.058,0.020,0.137) ab=(0.000,0.000,0.002) vz_des=-0.107 acc_d=-0.616 thr=0.563 ez=-0.189 iz=-0.013 d_est=-4.81 d_tru=-4.76
i=150 truth_att=(0.69,-0.38,-0.08) tilt=0.8° est_att=(-0.13,0.31,0.01) ctrl_om=(-0.031,0.014,-0.001) tru_om=(-0.035,0.005,-0.004) pqr=(0.000,-0.012,-0.000) err=(-0.003,-0.003,-0.000)
   est_pos=(0.01,0.01,-4.75) tru_pos=(0.01,0.02,-4.79) est_vel=(0.027,0.065,0.042) ab=(0.000,0.000,0.002) vz_des=-0.126 acc_d=-0.480 thr=0.549 ez=-0.215 iz=-0.019 d_est=-4.79 d_tru=-4.75
i=175 truth_att=(0.48,-0.58,-0.10) tilt=0.8° est_att=(-0.35,0.11,-0.01) ctrl_om=(-0.022,-0.007,0.002) tru_om=(-0.020,0.003,-0.004) pqr=(0.004,0.013,-0.000) err=(-0.001,0.004,0.000)
   est_pos=(0.02,0.02,-4.76) tru_pos=(0.02,0.02,-4.80) est_vel=(0.066,0.077,-0.040) ab=(0.000,0.000,0.002) vz_des=-0.140 acc_d=-0.348 thr=0.536 ez=-0.230 iz=-0.026 d_est=-4.77 d_tru=-4.76
i=200 truth_att=(0.53,-0.26,-0.12) tilt=0.6° est_att=(-0.30,0.41,-0.02) ctrl_om=(0.021,0.038,-0.001) tru_om=(0.022,0.028,-0.003) pqr=(-0.004,-0.017,0.001) err=(0.001,-0.002,0.000)
   est_pos=(0.02,0.03,-4.76) tru_pos=(0.03,0.03,-4.80) est_vel=(0.054,0.049,-0.101) ab=(0.000,0.000,0.003) vz_des=-0.150 acc_d=-0.244 thr=0.525 ez=-0.235 iz=-0.032 d_est=-4.76 d_tru=-4.76
i=225 truth_att=(0.49,-0.47,-0.14) tilt=0.7° est_att=(-0.32,0.21,-0.02) ctrl_om=(-0.036,-0.032,0.001) tru_om=(-0.040,-0.028,-0.002) pqr=(0.000,0.016,0.001) err=(-0.004,0.002,0.000)
   est_pos=(0.03,0.04,-4.77) tru_pos=(0.03,0.04,-4.81) est_vel=(0.064,0.102,-0.120) ab=(0.000,0.000,0.002) vz_des=-0.156 acc_d=-0.170 thr=0.517 ez=-0.234 iz=-0.040 d_est=-4.77 d_tru=-4.77
i=250 truth_att=(0.30,-0.21,-0.15) tilt=0.4° est_att=(-0.51,0.44,-0.03) ctrl_om=(-0.004,0.055,-0.000) tru_om=(-0.001,0.054,-0.002) pqr=(0.004,-0.017,0.001) err=(0.001,-0.000,0.000)
   est_pos=(0.04,0.05,-4.78) tru_pos=(0.04,0.05,-4.83) est_vel=(0.078,0.084,-0.113) ab=(0.000,0.000,0.002) vz_des=-0.160 acc_d=-0.118 thr=0.512 ez=-0.227 iz=-0.046 d_est=-4.77 d_tru=-4.78
i=275 truth_att=(0.42,-0.35,-0.16) tilt=0.6° est_att=(-0.39,0.33,-0.02) ctrl_om=(0.020,-0.051,0.004) tru_om=(0.013,-0.048,-0.001) pqr=(-0.008,0.016,0.000) err=(-0.001,0.000,0.000)
   est_pos=(0.04,0.05,-4.80) tru_pos=(0.05,0.06,-4.84) est_vel=(0.061,0.077,-0.118) ab=(0.000,0.000,0.002) vz_des=-0.162 acc_d=-0.089 thr=0.509 ez=-0.218 iz=-0.053 d_est=-4.78 d_tru=-4.80
i=300 truth_att=(0.29,-0.19,-0.16) tilt=0.4° est_att=(-0.50,0.45,-0.02) ctrl_om=(-0.039,0.073,-0.002) tru_om=(-0.042,0.066,-0.000) pqr=(0.003,-0.018,0.002) err=(-0.003,0.001,0.000)
   est_pos=(0.05,0.06,-4.81) tru_pos=(0.06,0.07,-4.85) est_vel=(0.096,0.122,-0.124) ab=(0.000,0.000,0.003) vz_des=-0.163 acc_d=-0.080 thr=0.508 ez=-0.207 iz=-0.060 d_est=-4.79 d_tru=-4.81
i=325 truth_att=(0.21,-0.22,-0.16) tilt=0.3° est_att=(-0.59,0.44,-0.01) ctrl_om=(0.018,-0.057,0.001) tru_om=(0.020,-0.056,0.000) pqr=(-0.000,0.013,0.000) err=(0.002,-0.001,0.000)
   est_pos=(0.06,0.08,-4.82) tru_pos=(0.06,0.08,-4.86) est_vel=(0.059,0.082,-0.109) ab=(0.000,0.000,0.003) vz_des=-0.164 acc_d=-0.084 thr=0.509 ez=-0.196 iz=-0.066 d_est=-4.80 d_tru=-4.82
i=350 truth_att=(0.33,-0.18,-0.16) tilt=0.4° est_att=(-0.46,0.45,0.01) ctrl_om=(0.003,0.069,-0.002) tru_om=(-0.002,0.067,-0.000) pqr=(-0.006,-0.013,0.000) err=(-0.002,0.003,-0.000)
   est_pos=(0.07,0.08,-4.83) tru_pos=(0.07,0.09,-4.87) est_vel=(0.106,0.100,-0.086) ab=(0.000,0.000,0.003) vz_des=-0.164 acc_d=-0.089 thr=0.509 ez=-0.185 iz=-0.071 d_est=-4.81 d_tru=-4.83
i=375 truth_att=(0.14,-0.11,-0.16) tilt=0.2° est_att=(-0.64,0.54,0.02) ctrl_om=(-0.040,-0.049,-0.002) tru_om=(-0.034,-0.054,-0.001) pqr=(0.008,0.006,-0.000) err=(-0.001,-0.003,-0.000)
   est_pos=(0.08,0.10,-4.84) tru_pos=(0.08,0.10,-4.88) est_vel=(0.057,0.125,-0.089) ab=(0.000,0.000,0.003) vz_des=-0.164 acc_d=-0.095 thr=0.510 ez=-0.175 iz=-0.077 d_est=-4.83 d_tru=-4.84
i=400 truth_att=(0.17,-0.19,-0.17) tilt=0.3° est_att=(-0.62,0.43,0.02) ctrl_om=(0.032,0.053,0.003) tru_om=(0.033,0.057,-0.001) pqr=(-0.005,-0.005,-0.002) err=(0.002,0.004,-0.000)
   est_pos=(0.09,0.11,-4.85) tru_pos=(0.09,0.11,-4.89) est_vel=(0.112,0.081,-0.097) ab=(0.000,0.000,0.003) vz_des=-0.164 acc_d=-0.105 thr=0.511 ez=-0.165 iz=-0.082 d_est=-4.84 d_tru=-4.85
i=425 truth_att=(0.22,-0.01,-0.18) tilt=0.3° est_att=(-0.55,0.63,0.02) ctrl_om=(-0.025,-0.038,0.000) tru_om=(-0.028,-0.041,-0.002) pqr=(-0.001,0.000,-0.001) err=(-0.003,-0.004,-0.000)
   est_pos=(0.10,0.12,-4.86) tru_pos=(0.10,0.13,-4.90) est_vel=(0.060,0.120,-0.087) ab=(0.000,0.000,0.003) vz_des=-0.164 acc_d=-0.114 thr=0.512 ez=-0.155 iz=-0.087 d_est=-4.84 d_tru=-4.86
i=450 truth_att=(0.03,-0.20,-0.19) tilt=0.3° est_att=(-0.73,0.41,0.01) ctrl_om=(-0.021,0.021,-0.001) tru_om=(-0.014,0.033,-0.003) pqr=(0.006,0.005,-0.000) err=(-0.000,0.004,-0.000)
   est_pos=(0.10,0.13,-4.87) tru_pos=(0.11,0.14,-4.91) est_vel=(0.105,0.117,-0.072) ab=(0.000,0.000,0.003) vz_des=-0.164 acc_d=-0.117 thr=0.512 ez=-0.146 iz=-0.091 d_est=-4.85 d_tru=-4.87
i=475 truth_att=(0.13,0.06,-0.21) tilt=0.3° est_att=(-0.64,0.68,0.00) ctrl_om=(0.037,-0.002,0.000) tru_om=(0.029,-0.012,-0.003) pqr=(-0.009,-0.009,-0.000) err=(0.001,-0.003,-0.000)
   est_pos=(0.11,0.14,-4.88) tru_pos=(0.12,0.15,-4.92) est_vel=(0.068,0.086,-0.081) ab=(0.000,0.000,0.003) vz_des=-0.164 acc_d=-0.118 thr=0.512 ez=-0.137 iz=-0.095 d_est=-4.86 d_tru=-4.88
i=500 truth_att=(0.10,-0.18,-0.22) tilt=0.3° est_att=(-0.65,0.44,-0.00) ctrl_om=(-0.037,-0.010,-0.004) tru_om=(-0.039,0.001,-0.003) pqr=(0.003,0.012,0.001) err=(-0.003,0.003,0.000)
   est_pos=(0.12,0.15,-4.88) tru_pos=(0.13,0.16,-4.93) est_vel=(0.096,0.130,-0.092) ab=(0.000,0.000,0.003) vz_des=-0.164 acc_d=-0.121 thr=0.512 ez=-0.129 iz=-0.099 d_est=-4.87 d_tru=-4.88
i=525 truth_att=(-0.02,0.10,-0.24) tilt=0.3° est_att=(-0.78,0.70,-0.01) ctrl_om=(0.007,0.032,0.001) tru_om=(0.011,0.020,-0.003) pqr=(0.002,-0.017,0.000) err=(0.001,-0.003,0.000)
   est_pos=(0.13,0.16,-4.89) tru_pos=(0.13,0.17,-4.93) est_vel=(0.077,0.099,-0.084) ab=(0.000,0.000,0.003) vz_des=-0.163 acc_d=-0.123 thr=0.513 ez=-0.121 iz=-0.103 d_est=-4.88 d_tru=-4.89
i=550 truth_att=(0.11,-0.15,-0.25) tilt=0.3° est_att=(-0.64,0.46,-0.00) ctrl_om=(0.017,-0.038,-0.002) tru_om=(0.014,-0.032,-0.002) pqr=(-0.006,0.016,0.001) err=(-0.000,0.002,0.000)
   est_pos=(0.14,0.17,-4.90) tru_pos=(0.14,0.18,-4.94) est_vel=(0.082,0.092,-0.072) ab=(0.000,0.000,0.003) vz_des=-0.162 acc_d=-0.121 thr=0.512 ez=-0.112 iz=-0.107 d_est=-4.89 d_tru=-4.90
i=575 truth_att=(0.00,0.09,-0.27) tilt=0.3° est_att=(-0.73,0.67,-0.01) ctrl_om=(-0.038,0.052,-0.010) tru_om=(-0.035,0.050,-0.002) pqr=(0.005,-0.018,0.004) err=(-0.002,-0.001,0.000)
   est_pos=(0.15,0.18,-4.91) tru_pos=(0.15,0.19,-4.95) est_vel=(0.088,0.128,-0.082) ab=(0.000,0.000,0.004) vz_des=-0.161 acc_d=-0.116 thr=0.512 ez=-0.103 iz=-0.110 d_est=-4.90 d_tru=-4.91
i=600 truth_att=(-0.04,-0.08,-0.28) tilt=0.3° est_att=(-0.79,0.52,-0.01) ctrl_om=(0.021,-0.061,-0.006) tru_om=(0.026,-0.057,-0.002) pqr=(-0.000,0.017,0.002) err=(0.002,-0.000,0.000)
   est_pos=(0.15,0.19,-4.92) tru_pos=(0.16,0.21,-4.96) est_vel=(0.066,0.084,-0.094) ab=(0.000,0.000,0.004) vz_des=-0.160 acc_d=-0.115 thr=0.512 ez=-0.094 iz=-0.113 d_est=-4.91 d_tru=-4.92
i=625 truth_att=(0.10,0.07,-0.29) tilt=0.3° est_att=(-0.64,0.63,0.00) ctrl_om=(-0.005,0.069,0.001) tru_om=(-0.007,0.068,-0.002) pqr=(-0.004,-0.018,-0.000) err=(-0.002,0.001,-0.000)
   est_pos=(0.16,0.20,-4.93) tru_pos=(0.17,0.22,-4.97) est_vel=(0.097,0.104,-0.084) ab=(0.000,0.000,0.004) vz_des=-0.158 acc_d=-0.116 thr=0.512 ez=-0.086 iz=-0.115 d_est=-4.91 d_tru=-4.93
i=650 truth_att=(-0.08,-0.00,-0.30) tilt=0.3° est_att=(-0.81,0.60,0.01) ctrl_om=(-0.027,-0.066,-0.001) tru_om=(-0.024,-0.067,-0.002) pqr=(0.006,0.014,0.000) err=(-0.001,-0.002,-0.000)
   est_pos=(0.17,0.21,-4.94) tru_pos=(0.18,0.23,-4.98) est_vel=(0.054,0.118,-0.071) ab=(0.000,0.000,0.004) vz_des=-0.157 acc_d=-0.112 thr=0.511 ez=-0.078 iz=-0.118 d_est=-4.92 d_tru=-4.94
i=675 truth_att=(-0.01,0.02,-0.31) tilt=0.3° est_att=(-0.75,0.57,0.00) ctrl_om=(0.037,0.062,-0.003) tru_om=(0.034,0.068,-0.002) pqr=(-0.006,-0.011,0.001) err=(0.002,0.003,-0.000)
   est_pos=(0.18,0.22,-4.94) tru_pos=(0.18,0.24,-4.99) est_vel=(0.101,0.075,-0.080) ab=(0.000,0.000,0.004) vz_des=-0.155 acc_d=-0.107 thr=0.511 ez=-0.069 iz=-0.120 d_est=-4.93 d_tru=-4.94
i=700 truth_att=(0.02,0.09,-0.33) tilt=0.3° est_att=(-0.70,0.67,-0.01) ctrl_om=(-0.025,-0.056,0.000) tru_om=(-0.027,-0.060,-0.002) pqr=(-0.000,0.007,0.000) err=(-0.003,-0.003,0.000)
   est_pos=(0.18,0.23,-4.95) tru_pos=(0.19,0.25,-4.99) est_vel=(0.047,0.112,-0.090) ab=(0.000,0.000,0.004) vz_des=-0.152 acc_d=-0.107 thr=0.511 ez=-0.061 iz=-0.122 d_est=-4.94 d_tru=-4.95
i=725 truth_att=(-0.13,-0.03,-0.34) tilt=0.4° est_att=(-0.85,0.52,-0.01) ctrl_om=(-0.010,0.046,-0.002) tru_om=(-0.005,0.053,-0.002) pqr=(0.006,-0.003,0.001) err=(0.001,0.003,0.000)
   est_pos=(0.19,0.24,-4.96) tru_pos=(0.20,0.26,-5.00) est_vel=(0.097,0.097,-0.079) ab=(0.000,0.000,0.004) vz_des=-0.150 acc_d=-0.107 thr=0.511 ez=-0.053 iz=-0.124 d_est=-4.95 d_tru=-4.96
i=750 truth_att=(0.02,0.14,-0.35) tilt=0.4° est_att=(-0.71,0.72,-0.01) ctrl_om=(0.036,-0.039,0.005) tru_om=(0.029,-0.042,-0.002) pqr=(-0.009,-0.000,-0.001) err=(0.001,-0.004,0.000)
   est_pos=(0.20,0.25,-4.97) tru_pos=(0.21,0.27,-5.01) est_vel=(0.044,0.070,-0.067) ab=(0.000,0.000,0.004) vz_des=-0.147 acc_d=-0.103 thr=0.511 ez=-0.044 iz=-0.125 d_est=-4.96 d_tru=-4.97
i=775 truth_att=(-0.04,-0.06,-0.36) tilt=0.4° est_att=(-0.74,0.48,-0.00) ctrl_om=(-0.038,0.019,0.005) tru_om=(-0.037,0.030,-0.001) pqr=(0.004,0.005,-0.001) err=(-0.003,0.004,0.000)
   est_pos=(0.21,0.26,-4.98) tru_pos=(0.21,0.28,-5.02) est_vel=(0.087,0.114,-0.075) ab=(0.000,0.000,0.004) vz_des=-0.144 acc_d=-0.098 thr=0.510 ez=-0.036 iz=-0.126 d_est=-4.96 d_tru=-4.98
i=800 truth_att=(-0.13,0.17,-0.36) tilt=0.4° est_att=(-0.85,0.73,0.00) ctrl_om=(0.013,-0.008,-0.000) tru_om=(0.017,-0.017,-0.002) pqr=(0.002,-0.008,-0.000) err=(0.002,-0.004,-0.000)
   est_pos=(0.21,0.27,-4.98) tru_pos=(0.22,0.29,-5.03) est_vel=(0.046,0.075,-0.084) ab=(0.000,0.000,0.004) vz_des=-0.141 acc_d=-0.098 thr=0.510 ez=-0.028 iz=-0.127 d_est=-4.97 d_tru=-4.98
i=825 truth_att=(0.02,-0.08,-0.37) tilt=0.4° est_att=(-0.69,0.47,0.00) ctrl_om=(0.015,-0.005,-0.002) tru_om=(0.011,0.003,-0.002) pqr=(-0.007,0.010,0.001) err=(-0.001,0.003,-0.000)
   est_pos=(0.22,0.28,-4.99) tru_pos=(0.23,0.30,-5.03) est_vel=(0.075,0.075,-0.070) ab=(0.000,0.000,0.004) vz_des=-0.138 acc_d=-0.099 thr=0.510 ez=-0.021 iz=-0.128 d_est=-4.98 d_tru=-4.99
i=850 truth_att=(-0.10,0.19,-0.38) tilt=0.4° est_att=(-0.80,0.72,0.00) ctrl_om=(-0.032,0.019,0.003) tru_om=(-0.035,0.017,-0.002) pqr=(0.005,-0.013,-0.001) err=(-0.002,-0.003,-0.000)
   est_pos=(0.23,0.29,-5.00) tru_pos=(0.23,0.31,-5.04) est_vel=(0.054,0.105,-0.058) ab=(0.000,0.000,0.004) vz_des=-0.135 acc_d=-0.095 thr=0.510 ez=-0.013 iz=-0.129 d_est=-4.99 d_tru=-5.00
i=875 truth_att=(-0.10,-0.05,-0.39) tilt=0.4° est_att=(-0.82,0.50,0.01) ctrl_om=(0.032,-0.032,-0.002) tru_om=(0.033,-0.027,-0.002) pqr=(-0.003,0.014,0.000) err=(0.002,0.002,-0.000)
   est_pos=(0.23,0.30,-5.01) tru_pos=(0.24,0.31,-5.05) est_vel=(0.059,0.058,-0.066) ab=(0.000,0.000,0.005) vz_des=-0.132 acc_d=-0.091 thr=0.509 ez=-0.005 iz=-0.129 d_est=-4.99 d_tru=-5.01
i=900 truth_att=(0.01,0.17,-0.41) tilt=0.4° est_att=(-0.69,0.69,-0.01) ctrl_om=(-0.009,0.047,-0.007) tru_om=(-0.013,0.041,-0.002) pqr=(-0.003,-0.017,0.002) err=(-0.002,-0.001,0.000)
   est_pos=(0.24,0.30,-5.01) tru_pos=(0.25,0.32,-5.05) est_vel=(0.063,0.083,-0.075) ab=(0.000,0.000,0.005) vz_des=-0.128 acc_d=-0.091 thr=0.509 ez=0.002 iz=-0.129 d_est=-5.00 d_tru=-5.01
i=925 truth_att=(-0.15,-0.01,-0.42) tilt=0.4° est_att=(-0.85,0.54,0.00) ctrl_om=(-0.020,-0.059,0.001) tru_om=(-0.018,-0.052,-0.002) pqr=(0.005,0.017,-0.000) err=(-0.000,-0.000,-0.000)
   est_pos=(0.24,0.31,-5.02) tru_pos=(0.25,0.33,-5.06) est_vel=(0.042,0.088,-0.061) ab=(0.000,0.000,0.005) vz_des=-0.124 acc_d=-0.092 thr=0.509 ez=0.009 iz=-0.129 d_est=-5.01 d_tru=-5.02
i=950 truth_att=(-0.06,0.13,-0.43) tilt=0.4° est_att=(-0.76,0.64,-0.00) ctrl_om=(0.036,0.065,0.001) tru_om=(0.035,0.062,-0.002) pqr=(-0.006,-0.017,-0.000) err=(0.002,0.001,0.000)
   est_pos=(0.25,0.32,-5.02) tru_pos=(0.26,0.34,-5.07) est_vel=(0.069,0.048,-0.048) ab=(0.000,0.000,0.005) vz_des=-0.121 acc_d=-0.088 thr=0.509 ez=0.015 iz=-0.128 d_est=-5.02 d_tru=-5.02
i=975 truth_att=(-0.02,0.05,-0.44) tilt=0.4° est_att=(-0.71,0.59,0.01) ctrl_om=(-0.023,-0.065,-0.001) tru_om=(-0.025,-0.063,-0.002) pqr=(-0.001,0.013,-0.000) err=(-0.002,-0.002,-0.000)
   est_pos=(0.25,0.33,-5.03) tru_pos=(0.26,0.35,-5.07) est_vel=(0.028,0.087,-0.056) ab=(0.000,0.000,0.005) vz_des=-0.117 acc_d=-0.085 thr=0.509 ez=0.021 iz=-0.128 d_est=-5.02 d_tru=-5.03
i=1000 truth_att=(-0.16,0.07,-0.45) tilt=0.5° est_att=(-0.86,0.56,0.00) ctrl_om=(-0.007,0.063,-0.002) tru_om=(-0.003,0.065,-0.002) pqr=(0.006,-0.011,0.001) err=(0.001,0.002,-0.000)
   est_pos=(0.26,0.33,-5.04) tru_pos=(0.27,0.35,-5.08) est_vel=(0.073,0.066,-0.063) ab=(0.000,0.000,0.005) vz_des=-0.113 acc_d=-0.086 thr=0.509 ez=0.027 iz=-0.127 d_est=-5.03 d_tru=-5.04
i=1025 truth_att=(-0.00,0.12,-0.46) tilt=0.5° est_att=(-0.71,0.65,-0.01) ctrl_om=(0.024,-0.057,0.003) tru_om=(0.028,-0.063,-0.002) pqr=(-0.006,0.007,-0.001) err=(0.000,-0.003,0.000)
   est_pos=(0.26,0.34,-5.04) tru_pos=(0.27,0.36,-5.08) est_vel=(0.018,0.047,-0.050) ab=(0.000,0.000,0.005) vz_des=-0.110 acc_d=-0.086 thr=0.509 ez=0.033 iz=-0.126 d_est=-5.03 d_tru=-5.04
i=1050 truth_att=(-0.09,0.00,-0.47) tilt=0.5° est_att=(-0.77,0.50,-0.00) ctrl_om=(-0.035,0.049,-0.001) tru_om=(-0.041,0.055,-0.002) pqr=(0.004,-0.004,0.001) err=(-0.002,0.003,0.000)
   est_pos=(0.27,0.35,-5.05) tru_pos=(0.28,0.37,-5.09) est_vel=(0.070,0.088,-0.037) ab=(0.000,0.000,0.005) vz_des=-0.106 acc_d=-0.082 thr=0.508 ez=0.039 iz=-0.125 d_est=-5.04 d_tru=-5.05
i=1075 truth_att=(-0.15,0.18,-0.48) tilt=0.5° est_att=(-0.84,0.69,-0.00) ctrl_om=(0.024,-0.028,0.001) tru_om=(0.024,-0.041,-0.002) pqr=(-0.000,-0.004,-0.000) err=(0.002,-0.004,0.000)
   est_pos=(0.27,0.35,-5.05) tru_pos=(0.28,0.37,-5.09) est_vel=(0.016,0.045,-0.045) ab=(0.000,0.000,0.005) vz_des=-0.102 acc_d=-0.078 thr=0.508 ez=0.044 iz=-0.124 d_est=-5.04 d_tru=-5.05
i=1100 truth_att=(-0.00,-0.03,-0.49) tilt=0.5° est_att=(-0.68,0.45,0.00) ctrl_om=(0.007,0.018,0.004) tru_om=(0.002,0.029,-0.002) pqr=(-0.005,0.006,-0.001) err=(-0.001,0.004,0.000)
   est_pos=(0.28,0.36,-5.06) tru_pos=(0.29,0.38,-5.10) est_vel=(0.061,0.054,-0.052) ab=(0.000,0.000,0.005) vz_des=-0.098 acc_d=-0.079 thr=0.508 ez=0.049 iz=-0.122 d_est=-5.05 d_tru=-5.06
i=1125 truth_att=(-0.13,0.21,-0.50) tilt=0.6° est_att=(-0.81,0.70,-0.00) ctrl_om=(-0.029,-0.001,0.002) tru_om=(-0.025,-0.012,-0.002) pqr=(0.005,-0.010,-0.001) err=(-0.001,-0.004,-0.000)
   est_pos=(0.28,0.37,-5.06) tru_pos=(0.29,0.39,-5.10) est_vel=(0.020,0.077,-0.037) ab=(0.000,0.000,0.005) vz_des=-0.094 acc_d=-0.080 thr=0.508 ez=0.053 iz=-0.121 d_est=-5.05 d_tru=-5.06
i=1150 truth_att=(-0.10,-0.04,-0.51) tilt=0.5° est_att=(-0.80,0.44,-0.00) ctrl_om=(0.032,-0.018,0.005) tru_om=(0.033,-0.004,-0.002) pqr=(-0.003,0.014,-0.001) err=(0.002,0.003,0.000)
   est_pos=(0.28,0.37,-5.06) tru_pos=(0.29,0.39,-5.11) est_vel=(0.046,0.030,-0.025) ab=(0.000,0.000,0.005) vz_des=-0.090 acc_d=-0.076 thr=0.508 ez=0.058 iz=-0.119 d_est=-5.06 d_tru=-5.06
i=1175 truth_att=(-0.00,0.22,-0.52) tilt=0.6° est_att=(-0.68,0.68,-0.00) ctrl_om=(-0.013,0.030,-0.004) tru_om=(-0.017,0.021,-0.002) pqr=(-0.003,-0.016,0.001) err=(-0.002,-0.002,-0.000)
   est_pos=(0.29,0.38,-5.07) tru_pos=(0.30,0.40,-5.11) est_vel=(0.027,0.061,-0.034) ab=(0.000,0.000,0.006) vz_des=-0.087 acc_d=-0.073 thr=0.507 ez=0.062 iz=-0.117 d_est=-5.06 d_tru=-5.07
i=1200 truth_att=(-0.18,-0.03,-0.53) tilt=0.6° est_att=(-0.84,0.45,0.00) ctrl_om=(-0.018,-0.040,0.002) tru_om=(-0.013,-0.036,-0.002) pqr=(0.007,0.016,-0.001) err=(0.001,0.001,-0.000)
   est_pos=(0.29,0.38,-5.07) tru_pos=(0.30,0.40,-5.11) est_vel=(0.030,0.057,-0.039) ab=(0.000,0.000,0.006) vz_des=-0.083 acc_d=-0.074 thr=0.508 ez=0.066 iz=-0.116 d_est=-5.07 d_tru=-5.07
i=1225 truth_att=(-0.05,0.18,-0.54) tilt=0.6° est_att=(-0.72,0.63,0.00) ctrl_om=(0.036,0.053,-0.002) tru_om=(0.032,0.046,-0.002) pqr=(-0.007,-0.018,0.001) err=(0.001,-0.001,-0.000)
   est_pos=(0.29,0.39,-5.07) tru_pos=(0.30,0.41,-5.12) est_vel=(0.035,0.023,-0.024) ab=(0.000,0.000,0.006) vz_des=-0.079 acc_d=-0.075 thr=0.508 ez=0.069 iz=-0.113 d_est=-5.07 d_tru=-5.07
i=1250 truth_att=(-0.07,0.01,-0.55) tilt=0.6° est_att=(-0.71,0.49,0.01) ctrl_om=(-0.034,-0.061,0.005) tru_om=(-0.034,-0.055,-0.002) pqr=(0.003,0.017,-0.002) err=(-0.002,-0.000,-0.000)
   est_pos=(0.30,0.39,-5.08) tru_pos=(0.31,0.42,-5.12) est_vel=(0.015,0.066,-0.012) ab=(0.000,0.000,0.006) vz_des=-0.075 acc_d=-0.072 thr=0.507 ez=0.072 iz=-0.111 d_est=-5.07 d_tru=-5.08
i=1275 truth_att=(-0.18,0.14,-0.56) tilt=0.6° est_att=(-0.84,0.58,0.00) ctrl_om=(0.008,0.064,0.002) tru_om=(0.011,0.062,-0.002) pqr=(0.003,-0.016,-0.001) err=(0.002,0.001,-0.000)
   est_pos=(0.30,0.40,-5.08) tru_pos=(0.31,0.42,-5.12) est_vel=(0.044,0.038,-0.021) ab=(0.000,0.000,0.006) vz_des=-0.072 acc_d=-0.069 thr=0.507 ez=0.075 iz=-0.109 d_est=-5.08 d_tru=-5.08
i=1300 truth_att=(-0.03,0.07,-0.58) tilt=0.6° est_att=(-0.67,0.54,-0.00) ctrl_om=(0.017,-0.064,0.003) tru_om=(0.013,-0.065,-0.002) pqr=(-0.005,0.013,-0.001) err=(0.000,-0.002,0.000)
   est_pos=(0.30,0.40,-5.08) tru_pos=(0.31,0.42,-5.12) est_vel=(0.000,0.025,-0.027) ab=(0.000,0.000,0.006) vz_des=-0.068 acc_d=-0.071 thr=0.507 ez=0.077 iz=-0.107 d_est=-5.08 d_tru=-5.08
i=1325 truth_att=(-0.13,0.07,-0.59) tilt=0.6° est_att=(-0.75,0.51,-0.00) ctrl_om=(-0.030,0.060,-0.003) tru_om=(-0.032,0.063,-0.002) pqr=(0.004,-0.011,0.001) err=(-0.002,0.002,0.000)
   est_pos=(0.30,0.40,-5.08) tru_pos=(0.32,0.43,-5.12) est_vel=(0.045,0.061,-0.012) ab=(0.000,0.000,0.006) vz_des=-0.065 acc_d=-0.072 thr=0.507 ez=0.080 iz=-0.105 d_est=-5.08 d_tru=-5.08
i=1350 truth_att=(-0.16,0.11,-0.60) tilt=0.6° est_att=(-0.80,0.57,-0.00) ctrl_om=(0.020,-0.055,0.000) tru_om=(0.025,-0.059,-0.002) pqr=(0.001,0.007,-0.000) err=(0.002,-0.003,-0.000)
   est_pos=(0.31,0.41,-5.08) tru_pos=(0.32,0.43,-5.13) est_vel=(-0.007,0.017,-0.001) ab=(0.000,0.000,0.006) vz_des=-0.061 acc_d=-0.068 thr=0.507 ez=0.082 iz=-0.102 d_est=-5.08 d_tru=-5.08
i=1375 truth_att=(-0.02,0.02,-0.61) tilt=0.6° est_att=(-0.64,0.44,-0.00) ctrl_om=(0.008,0.046,0.001) tru_om=(0.000,0.053,-0.002) pqr=(-0.006,-0.004,-0.000) err=(-0.001,0.003,0.000)
   est_pos=(0.31,0.41,-5.09) tru_pos=(0.32,0.44,-5.13) est_vel=(0.043,0.032,-0.012) ab=(0.000,0.000,0.006) vz_des=-0.058 acc_d=-0.065 thr=0.507 ez=0.084 iz=-0.100 d_est=-5.08 d_tru=-5.09
i=1400 truth_att=(-0.17,0.17,-0.62) tilt=0.7° est_att=(-0.78,0.62,-0.00) ctrl_om=(-0.025,-0.032,-0.001) tru_om=(-0.026,-0.044,-0.002) pqr=(0.005,-0.002,0.000) err=(-0.001,-0.004,-0.000)
   est_pos=(0.31,0.42,-5.09) tru_pos=(0.32,0.44,-5.13) est_vel=(-0.009,0.049,-0.016) ab=(0.000,0.000,0.006) vz_des=-0.055 acc_d=-0.068 thr=0.507 ez=0.085 iz=-0.097 d_est=-5.08 d_tru=-5.09
i=1425 truth_att=(-0.10,-0.03,-0.63) tilt=0.6° est_att=(-0.73,0.39,0.00) ctrl_om=(0.038,0.023,-0.004) tru_om=(0.037,0.029,-0.002) pqr=(-0.005,0.004,0.001) err=(0.002,0.004,-0.000)
   est_pos=(0.31,0.42,-5.09) tru_pos=(0.32,0.44,-5.13) est_vel=(0.035,0.003,-0.000) ab=(0.000,0.000,0.006) vz_des=-0.052 acc_d=-0.069 thr=0.507 ez=0.086 iz=-0.095 d_est=-5.09 d_tru=-5.09
i=1450 truth_att=(-0.04,0.21,-0.64) tilt=0.7° est_att=(-0.64,0.63,0.00) ctrl_om=(-0.027,-0.001,-0.002) tru_om=(-0.026,-0.014,-0.002) pqr=(0.001,-0.011,0.000) err=(-0.002,-0.004,-0.000)
   est_pos=(0.31,0.42,-5.09) tru_pos=(0.32,0.45,-5.13) est_vel=(-0.005,0.040,0.009) ab=(0.000,0.000,0.006) vz_des=-0.048 acc_d=-0.066 thr=0.507 ez=0.087 iz=-0.092 d_est=-5.09 d_tru=-5.09
i=1475 truth_att=(-0.19,-0.05,-0.65) tilt=0.7° est_att=(-0.79,0.37,0.01) ctrl_om=(-0.009,-0.008,0.002) tru_om=(-0.003,-0.003,-0.002) pqr=(0.005,0.011,-0.001) err=(0.001,0.003,-0.000)
   est_pos=(0.31,0.43,-5.09) tru_pos=(0.33,0.45,-5.13) est_vel=(0.021,0.030,-0.001) ab=(0.000,0.000,0.007) vz_des=-0.046 acc_d=-0.063 thr=0.507 ez=0.087 iz=-0.089 d_est=-5.09 d_tru=-5.09
i=1500 truth_att=(-0.06,0.20,-0.67) tilt=0.7° est_att=(-0.66,0.61,0.00) ctrl_om=(0.028,0.029,0.001) tru_om=(0.027,0.017,-0.003) pqr=(-0.005,-0.016,-0.001) err=(0.001,-0.002,-0.000)
   est_pos=(0.32,0.43,-5.09) tru_pos=(0.33,0.45,-5.13) est_vel=(0.004,-0.001,-0.006) ab=(0.000,0.000,0.007) vz_des=-0.043 acc_d=-0.066 thr=0.507 ez=0.088 iz=-0.087 d_est=-5.09 d_tru=-5.09
i=1525 truth_att=(-0.08,-0.04,-0.68) tilt=0.7° est_att=(-0.67,0.38,0.00) ctrl_om=(-0.036,-0.040,-0.001) tru_om=(-0.032,-0.032,-0.003) pqr=(0.004,0.016,0.000) err=(-0.002,0.001,-0.000)
   est_pos=(0.32,0.43,-5.09) tru_pos=(0.33,0.46,-5.13) est_vel=(0.007,0.043,0.009) ab=(0.000,0.000,0.007) vz_des=-0.040 acc_d=-0.067 thr=0.507 ez=0.088 iz=-0.084 d_est=-5.09 d_tru=-5.09
i=1550 truth_att=(-0.18,0.18,-0.70) tilt=0.7° est_att=(-0.77,0.58,-0.00) ctrl_om=(0.016,0.051,-0.002) tru_om=(0.015,0.044,-0.003) pqr=(0.001,-0.018,0.001) err=(0.002,-0.001,0.000)
   est_pos=(0.32,0.43,-5.09) tru_pos=(0.33,0.46,-5.13) est_vel=(0.013,0.008,0.018) ab=(0.000,0.000,0.007) vz_des=-0.037 acc_d=-0.063 thr=0.506 ez=0.088 iz=-0.081 d_est=-5.09 d_tru=-5.09
i=1575 truth_att=(-0.01,-0.02,-0.71) tilt=0.7° est_att=(-0.60,0.40,-0.00) ctrl_om=(0.017,-0.060,0.003) tru_om=(0.016,-0.056,-0.002) pqr=(-0.006,0.017,-0.001) err=(-0.000,-0.000,0.000)
   est_pos=(0.32,0.43,-5.09) tru_pos=(0.33,0.46,-5.13) est_vel=(-0.008,0.004,0.007) ab=(0.000,0.000,0.007) vz_des=-0.035 acc_d=-0.061 thr=0.506 ez=0.088 iz=-0.079 d_est=-5.09 d_tru=-5.09
i=1600 truth_att=(-0.13,0.12,-0.73) tilt=0.7° est_att=(-0.70,0.51,-0.00) ctrl_om=(-0.033,0.065,-0.003) tru_om=(-0.035,0.063,-0.002) pqr=(0.005,-0.017,0.001) err=(-0.002,0.001,0.000)
   est_pos=(0.32,0.44,-5.09) tru_pos=(0.33,0.46,-5.13) est_vel=(0.020,0.038,0.003) ab=(0.000,0.000,0.007) vz_des=-0.033 acc_d=-0.064 thr=0.507 ez=0.087 iz=-0.076 d_est=-5.09 d_tru=-5.09
i=1625 truth_att=(-0.14,0.03,-0.74) tilt=0.8° est_att=(-0.72,0.45,-0.01) ctrl_om=(0.031,-0.070,-0.003) tru_om=(0.030,-0.066,-0.002) pqr=(-0.002,0.016,0.001) err=(0.002,-0.002,0.000)
   est_pos=(0.32,0.44,-5.09) tru_pos=(0.33,0.46,-5.13) est_vel=(-0.019,-0.009,0.019) ab=(0.000,0.000,0.007) vz_des=-0.030 acc_d=-0.065 thr=0.507 ez=0.086 iz=-0.074 d_est=-5.09 d_tru=-5.09
i=1650 truth_att=(-0.01,0.06,-0.75) tilt=0.8° est_att=(-0.58,0.44,-0.00) ctrl_om=(-0.004,0.059,0.003) tru_om=(-0.006,0.063,-0.002) pqr=(-0.003,-0.010,-0.001) err=(-0.001,0.002,0.000)
   est_pos=(0.32,0.44,-5.08) tru_pos=(0.33,0.46,-5.12) est_vel=(0.027,0.013,0.028) ab=(0.000,0.000,0.007) vz_des=-0.028 acc_d=-0.063 thr=0.506 ez=0.086 iz=-0.071 d_est=-5.09 d_tru=-5.08
i=1675 truth_att=(-0.17,0.09,-0.76) tilt=0.8° est_att=(-0.72,0.50,-0.01) ctrl_om=(-0.020,-0.062,-0.001) tru_om=(-0.022,-0.061,-0.002) pqr=(0.005,0.009,0.000) err=(-0.000,-0.003,0.000)
   est_pos=(0.32,0.44,-5.08) tru_pos=(0.33,0.47,-5.12) est_vel=(-0.027,0.024,0.016) ab=(0.000,0.000,0.007) vz_des=-0.026 acc_d=-0.062 thr=0.506 ez=0.084 iz=-0.068 d_est=-5.08 d_tru=-5.08
i=1700 truth_att=(-0.09,-0.01,-0.77) tilt=0.8° est_att=(-0.65,0.36,0.00) ctrl_om=(0.042,0.046,-0.001) tru_om=(0.039,0.052,-0.002) pqr=(-0.006,-0.003,0.000) err=(0.002,0.003,-0.000)
   est_pos=(0.32,0.44,-5.08) tru_pos=(0.33,0.47,-5.12) est_vel=(0.025,-0.019,0.012) ab=(0.000,0.000,0.007) vz_des=-0.024 acc_d=-0.065 thr=0.507 ez=0.083 iz=-0.066 d_est=-5.08 d_tru=-5.08
i=1725 truth_att=(-0.03,0.14,-0.78) tilt=0.8° est_att=(-0.57,0.54,0.00) ctrl_om=(-0.022,-0.038,0.002) tru_om=(-0.028,-0.043,-0.002) pqr=(-0.001,-0.000,-0.001) err=(-0.002,-0.004,-0.000)
   est_pos=(0.32,0.44,-5.08) tru_pos=(0.33,0.47,-5.12) est_vel=(-0.028,0.022,0.026) ab=(0.000,0.000,0.007) vz_des=-0.023 acc_d=-0.066 thr=0.507 ez=0.082 iz=-0.063 d_est=-5.08 d_tru=-5.08
i=1750 truth_att=(-0.18,-0.07,-0.80) tilt=0.8° est_att=(-0.73,0.31,0.01) ctrl_om=(0.001,0.019,-0.003) tru_om=(0.001,0.029,-0.002) pqr=(0.004,0.006,0.001) err=(0.001,0.004,-0.000)
   est_pos=(0.32,0.44,-5.08) tru_pos=(0.33,0.47,-5.12) est_vel=(0.019,0.006,0.033) ab=(0.000,0.000,0.007) vz_des=-0.021 acc_d=-0.063 thr=0.506 ez=0.080 iz=-0.061 d_est=-5.08 d_tru=-5.08
i=1775 truth_att=(-0.04,0.18,-0.81) tilt=0.8° est_att=(-0.58,0.57,0.00) ctrl_om=(0.025,-0.004,0.002) tru_om=(0.026,-0.012,-0.003) pqr=(-0.005,-0.009,-0.001) err=(0.001,-0.004,-0.000)
   est_pos=(0.32,0.44,-5.08) tru_pos=(0.33,0.47,-5.11) est_vel=(-0.020,-0.020,0.021) ab=(0.000,0.000,0.008) vz_des=-0.020 acc_d=-0.062 thr=0.506 ez=0.078 iz=-0.059 d_est=-5.08 d_tru=-5.08
i=1800 truth_att=(-0.08,-0.08,-0.83) tilt=0.8° est_att=(-0.60,0.30,0.00) ctrl_om=(-0.032,-0.016,0.002) tru_om=(-0.035,-0.004,-0.003) pqr=(0.003,0.014,-0.001) err=(-0.002,0.003,-0.000)
   est_pos=(0.32,0.44,-5.07) tru_pos=(0.33,0.47,-5.11) est_vel=(0.008,0.023,0.016) ab=(0.000,0.000,0.008) vz_des=-0.019 acc_d=-0.065 thr=0.507 ez=0.075 iz=-0.056 d_est=-5.08 d_tru=-5.07
i=1825 truth_att=(-0.17,0.18,-0.84) tilt=0.9° est_att=(-0.69,0.55,-0.00) ctrl_om=(0.013,0.022,0.004) tru_om=(0.018,0.017,-0.003) pqr=(0.003,-0.014,-0.001) err=(0.002,-0.003,-0.000)
   est_pos=(0.32,0.44,-5.07) tru_pos=(0.33,0.47,-5.11) est_vel=(-0.012,-0.014,0.032) ab=(0.000,0.000,0.008) vz_des=-0.018 acc_d=-0.067 thr=0.507 ez=0.073 iz=-0.054 d_est=-5.07 d_tru=-5.07
i=1850 truth_att=(-0.02,-0.08,-0.86) tilt=0.9° est_att=(-0.53,0.30,-0.00) ctrl_om=(0.010,-0.043,-0.001) tru_om=(0.008,-0.033,-0.002) pqr=(-0.005,0.018,0.000) err=(-0.001,0.002,0.000)
   est_pos=(0.32,0.44,-5.07) tru_pos=(0.33,0.47,-5.11) est_vel=(-0.007,-0.009,0.037) ab=(0.000,0.000,0.007) vz_des=-0.017 acc_d=-0.063 thr=0.507 ez=0.071 iz=-0.052 d_est=-5.07 d_tru=-5.07
i=1875 truth_att=(-0.15,0.15,-0.87) tilt=0.9° est_att=(-0.64,0.51,-0.01) ctrl_om=(-0.035,0.051,-0.002) tru_om=(-0.030,0.046,-0.002) pqr=(0.007,-0.018,0.001) err=(-0.001,-0.001,0.000)
   est_pos=(0.32,0.44,-5.06) tru_pos=(0.33,0.47,-5.10) est_vel=(-0.001,0.019,0.024) ab=(0.000,0.000,0.008) vz_des=-0.016 acc_d=-0.063 thr=0.506 ez=0.068 iz=-0.050 d_est=-5.07 d_tru=-5.06
i=1900 truth_att=(-0.13,-0.04,-0.88) tilt=0.9° est_att=(-0.64,0.34,-0.01) ctrl_om=(0.030,-0.060,-0.003) tru_om=(0.033,-0.056,-0.002) pqr=(-0.001,0.018,0.001) err=(0.003,-0.000,0.000)
   est_pos=(0.32,0.44,-5.06) tru_pos=(0.33,0.47,-5.10) est_vel=(-0.020,-0.028,0.020) ab=(0.000,0.000,0.008) vz_des=-0.015 acc_d=-0.066 thr=0.507 ez=0.066 iz=-0.048 d_est=-5.07 d_tru=-5.06
i=1925 truth_att=(-0.02,0.11,-0.89) tilt=0.9° est_att=(-0.51,0.45,-0.01) ctrl_om=(-0.005,0.068,-0.000) tru_om=(-0.009,0.065,-0.001) pqr=(-0.003,-0.017,0.001) err=(-0.002,0.001,0.000)
   est_pos=(0.32,0.44,-5.06) tru_pos=(0.33,0.47,-5.10) est_vel=(0.012,-0.002,0.035) ab=(0.000,0.000,0.008) vz_des=-0.014 acc_d=-0.067 thr=0.507 ez=0.063 iz=-0.046 d_est=-5.06 d_tru=-5.06
i=1950 truth_att=(-0.17,0.04,-0.90) tilt=0.9° est_att=(-0.65,0.41,-0.00) ctrl_om=(-0.020,-0.068,0.001) tru_om=(-0.021,-0.065,-0.001) pqr=(0.006,0.015,-0.000) err=(-0.000,-0.002,0.000)
   est_pos=(0.32,0.44,-5.06) tru_pos=(0.33,0.47,-5.10) est_vel=(-0.029,0.005,0.039) ab=(0.000,0.000,0.008) vz_des=-0.014 acc_d=-0.065 thr=0.507 ez=0.060 iz=-0.044 d_est=-5.06 d_tru=-5.06
i=1975 truth_att=(-0.09,0.05,-0.90) tilt=0.9° est_att=(-0.57,0.38,0.01) ctrl_om=(0.040,0.066,0.002) tru_om=(0.040,0.065,-0.002) pqr=(-0.005,-0.013,-0.001) err=(0.002,0.002,-0.000)
   est_pos=(0.32,0.44,-5.05) tru_pos=(0.33,0.47,-5.09) est_vel=(0.016,-0.036,0.026) ab=(0.000,0.000,0.008) vz_des=-0.014 acc_d=-0.064 thr=0.507 ez=0.057 iz=-0.042 d_est=-5.06 d_tru=-5.05
i=2000 truth_att=(-0.04,0.08,-0.91) tilt=0.9° est_att=(-0.50,0.45,0.01) ctrl_om=(-0.028,-0.070,-0.003) tru_om=(-0.032,-0.067,-0.002) pqr=(0.001,0.011,0.000) err=(-0.002,-0.003,-0.000)
   est_pos=(0.31,0.44,-5.05) tru_pos=(0.33,0.47,-5.09) est_vel=(-0.038,0.007,0.023) ab=(0.000,0.000,0.008) vz_des=-0.013 acc_d=-0.068 thr=0.507 ez=0.055 iz=-0.041 d_est=-5.05 d_tru=-5.05
i=2025 truth_att=(-0.18,-0.03,-0.93) tilt=0.9° est_att=(-0.65,0.32,0.01) ctrl_om=(0.006,0.054,-0.003) tru_om=(0.006,0.056,-0.002) pqr=(0.004,-0.006,0.000) err=(0.002,0.003,-0.000)
   est_pos=(0.31,0.44,-5.05) tru_pos=(0.33,0.47,-5.09) est_vel=(0.016,-0.017,0.037) ab=(0.000,0.000,0.008) vz_des=-0.013 acc_d=-0.069 thr=0.507 ez=0.052 iz=-0.039 d_est=-5.05 d_tru=-5.05
i=2050 truth_att=(-0.02,0.13,-0.94) tilt=0.9° est_att=(-0.48,0.49,0.01) ctrl_om=(0.031,-0.036,0.003) tru_om=(0.024,-0.044,-0.003) pqr=(-0.007,-0.000,-0.002) err=(0.001,-0.004,-0.000)
   est_pos=(0.31,0.44,-5.04) tru_pos=(0.32,0.47,-5.08) est_vel=(-0.035,-0.033,0.041) ab=(0.000,0.000,0.008) vz_des=-0.013 acc_d=-0.066 thr=0.507 ez=0.049 iz=-0.038 d_est=-5.05 d_tru=-5.04
i=2075 truth_att=(-0.09,-0.08,-0.96) tilt=1.0° est_att=(-0.53,0.26,0.01) ctrl_om=(-0.033,0.023,-0.001) tru_om=(-0.035,0.031,-0.003) pqr=(0.004,0.004,-0.000) err=(-0.002,0.004,-0.000)
   est_pos=(0.31,0.44,-5.04) tru_pos=(0.32,0.46,-5.08) est_vel=(0.011,0.008,0.027) ab=(0.000,0.000,0.008) vz_des=-0.013 acc_d=-0.067 thr=0.507 ez=0.045 iz=-0.036 d_est=-5.05 d_tru=-5.04
i=2100 truth_att=(-0.15,0.16,-0.97) tilt=1.0° est_att=(-0.60,0.51,0.00) ctrl_om=(0.023,-0.011,-0.002) tru_om=(0.024,-0.015,-0.003) pqr=(0.001,-0.007,0.000) err=(0.003,-0.004,-0.000)
   est_pos=(0.31,0.43,-5.04) tru_pos=(0.32,0.46,-5.08) est_vel=(-0.030,-0.034,0.023) ab=(0.000,0.000,0.008) vz_des=-0.014 acc_d=-0.070 thr=0.507 ez=0.042 iz=-0.035 d_est=-5.04 d_tru=-5.04
i=2125 truth_att=(0.01,-0.09,-0.99) tilt=1.0° est_att=(-0.43,0.25,-0.00) ctrl_om=(0.002,-0.010,-0.003) tru_om=(0.004,-0.002,-0.003) pqr=(-0.004,0.012,0.001) err=(-0.001,0.003,0.000)
   est_pos=(0.31,0.43,-5.03) tru_pos=(0.32,0.46,-5.08) est_vel=(0.000,-0.023,0.038) ab=(0.000,0.000,0.008) vz_des=-0.014 acc_d=-0.071 thr=0.507 ez=0.039 iz=-0.034 d_est=-5.04 d_tru=-5.03
i=2150 truth_att=(-0.14,0.17,-1.01) tilt=1.0° est_att=(-0.57,0.50,-0.01) ctrl_om=(-0.033,0.031,-0.002) tru_om=(-0.030,0.018,-0.003) pqr=(0.008,-0.017,0.001) err=(-0.001,-0.002,0.000)
   est_pos=(0.31,0.43,-5.03) tru_pos=(0.32,0.46,-5.07) est_vel=(-0.019,0.001,0.041) ab=(0.000,0.000,0.008) vz_des=-0.015 acc_d=-0.069 thr=0.507 ez=0.036 iz=-0.033 d_est=-5.04 d_tru=-5.03
i=2175 truth_att=(-0.09,-0.07,-1.03) tilt=1.0° est_att=(-0.53,0.26,-0.01) ctrl_om=(0.043,-0.034,-0.004) tru_om=(0.038,-0.031,-0.003) pqr=(-0.006,0.015,0.002) err=(0.002,0.002,0.000)
   est_pos=(0.31,0.43,-5.03) tru_pos=(0.32,0.46,-5.07) est_vel=(-0.013,-0.046,0.025) ab=(0.000,0.000,0.009) vz_des=-0.015 acc_d=-0.069 thr=0.507 ez=0.033 iz=-0.031 d_est=-5.03 d_tru=-5.03
i=2200 truth_att=(-0.02,0.14,-1.04) tilt=1.0° est_att=(-0.42,0.45,-0.01) ctrl_om=(-0.020,0.046,0.004) tru_om=(-0.024,0.042,-0.002) pqr=(-0.000,-0.017,-0.000) err=(-0.002,-0.001,0.000)
   est_pos=(0.31,0.43,-5.03) tru_pos=(0.32,0.46,-5.07) est_vel=(-0.010,-0.010,0.024) ab=(0.000,0.000,0.009) vz_des=-0.016 acc_d=-0.073 thr=0.507 ez=0.030 iz=-0.031 d_est=-5.03 d_tru=-5.03
i=2225 truth_att=(-0.17,-0.04,-1.05) tilt=1.1° est_att=(-0.58,0.29,-0.01) ctrl_om=(-0.006,-0.059,0.002) tru_om=(-0.009,-0.054,-0.002) pqr=(0.004,0.017,-0.000) err=(0.001,-0.000,0.000)
   est_pos=(0.30,0.43,-5.02) tru_pos=(0.32,0.45,-5.06) est_vel=(-0.029,-0.014,0.038) ab=(0.000,0.000,0.009) vz_des=-0.016 acc_d=-0.074 thr=0.508 ez=0.027 iz=-0.030 d_est=-5.03 d_tru=-5.02
i=2250 truth_att=(-0.06,0.09,-1.06) tilt=1.1° est_att=(-0.46,0.38,-0.00) ctrl_om=(0.032,0.057,0.005) tru_om=(0.032,0.060,-0.002) pqr=(-0.004,-0.014,-0.001) err=(0.002,0.001,0.000)
   est_pos=(0.30,0.42,-5.02) tru_pos=(0.31,0.45,-5.06) est_vel=(0.002,-0.047,0.039) ab=(0.000,0.000,0.009) vz_des=-0.017 acc_d=-0.072 thr=0.507 ez=0.024 iz=-0.029 d_est=-5.02 d_tru=-5.02
i=2275 truth_att=(-0.05,0.02,-1.07) tilt=1.1° est_att=(-0.43,0.35,-0.00) ctrl_om=(-0.025,-0.063,-0.001) tru_om=(-0.030,-0.066,-0.002) pqr=(0.001,0.013,0.000) err=(-0.002,-0.002,0.000)
   est_pos=(0.30,0.42,-5.02) tru_pos=(0.31,0.45,-5.06) est_vel=(-0.038,-0.004,0.023) ab=(0.000,0.000,0.009) vz_des=-0.018 acc_d=-0.072 thr=0.507 ez=0.021 iz=-0.028 d_est=-5.02 d_tru=-5.02
i=2300 truth_att=(-0.17,0.02,-1.08) tilt=1.1° est_att=(-0.56,0.32,-0.00) ctrl_om=(0.005,0.063,0.006) tru_om=(0.010,0.065,-0.002) pqr=(0.004,-0.011,-0.002) err=(0.002,0.003,0.000)
   est_pos=(0.30,0.42,-5.01) tru_pos=(0.31,0.45,-5.06) est_vel=(0.008,-0.033,0.021) ab=(0.000,0.000,0.009) vz_des=-0.019 acc_d=-0.075 thr=0.508 ez=0.018 iz=-0.028 d_est=-5.02 d_tru=-5.01
i=2325 truth_att=(0.00,0.08,-1.09) tilt=1.1° est_att=(-0.39,0.40,-0.01) ctrl_om=(0.028,-0.060,0.002) tru_om=(0.022,-0.060,-0.001) pqr=(-0.008,0.008,-0.000) err=(0.000,-0.003,0.000)
   est_pos=(0.30,0.41,-5.01) tru_pos=(0.31,0.44,-5.05) est_vel=(-0.044,-0.042,0.035) ab=(0.000,0.000,0.009) vz_des=-0.020 acc_d=-0.076 thr=0.508 ez=0.015 iz=-0.027 d_est=-5.02 d_tru=-5.01
i=2350 truth_att=(-0.10,-0.03,-1.09) tilt=1.1° est_att=(-0.47,0.25,-0.00) ctrl_om=(-0.036,0.044,0.004) tru_om=(-0.037,0.053,-0.001) pqr=(0.006,-0.002,-0.001) err=(-0.002,0.004,0.000)
   est_pos=(0.30,0.41,-5.01) tru_pos=(0.31,0.44,-5.05) est_vel=(0.009,-0.004,0.037) ab=(0.000,0.000,0.009) vz_des=-0.020 acc_d=-0.073 thr=0.508 ez=0.013 iz=-0.027 d_est=-5.01 d_tru=-5.01
i=2375 truth_att=(-0.12,0.13,-1.10) tilt=1.1° est_att=(-0.50,0.44,0.00) ctrl_om=(0.032,-0.035,0.003) tru_om=(0.029,-0.044,-0.001) pqr=(-0.002,-0.001,-0.001) err=(0.003,-0.004,-0.000)
   est_pos=(0.30,0.41,-5.01) tru_pos=(0.31,0.44,-5.05) est_vel=(-0.043,-0.049,0.020) ab=(0.000,0.000,0.009) vz_des=-0.021 acc_d=-0.073 thr=0.507 ez=0.010 iz=-0.026 d_est=-5.01 d_tru=-5.01
i=2400 truth_att=(0.02,-0.08,-1.11) tilt=1.1° est_att=(-0.35,0.21,0.01) ctrl_om=(0.006,0.021,-0.004) tru_om=(-0.002,0.032,-0.002) pqr=(-0.006,0.005,0.001) err=(-0.001,0.004,-0.000)
   est_pos=(0.29,0.41,-5.00) tru_pos=(0.30,0.44,-5.05) est_vel=(0.003,-0.030,0.018) ab=(0.000,0.000,0.009) vz_des=-0.022 acc_d=-0.076 thr=0.508 ez=0.007 iz=-0.026 d_est=-5.01 d_tru=-5.00
i=2425 truth_att=(-0.14,0.16,-1.12) tilt=1.1° est_att=(-0.49,0.44,0.01) ctrl_om=(-0.027,-0.013,-0.002) tru_om=(-0.025,-0.015,-0.002) pqr=(0.007,-0.006,0.000) err=(-0.000,-0.003,-0.000)
   est_pos=(0.29,0.41,-5.00) tru_pos=(0.30,0.43,-5.04) est_vel=(-0.035,-0.013,0.033) ab=(0.000,0.000,0.009) vz_des=-0.023 acc_d=-0.077 thr=0.508 ez=0.005 iz=-0.026 d_est=-5.01 d_tru=-5.00
i=2450 truth_att=(-0.06,-0.07,-1.13) tilt=1.1° est_att=(-0.43,0.20,0.01) ctrl_om=(0.039,-0.010,0.002) tru_om=(0.038,-0.001,-0.002) pqr=(-0.005,0.011,-0.001) err=(0.002,0.003,-0.000)
   est_pos=(0.29,0.40,-5.00) tru_pos=(0.30,0.43,-5.04) est_vel=(-0.007,-0.056,0.032) ab=(0.000,0.000,0.009) vz_des=-0.024 acc_d=-0.074 thr=0.508 ez=0.003 iz=-0.026 d_est=-5.00 d_tru=-5.00
i=2475 truth_att=(-0.00,0.17,-1.14) tilt=1.2° est_att=(-0.35,0.44,0.01) ctrl_om=(-0.023,0.021,0.001) tru_om=(-0.025,0.017,-0.002) pqr=(0.000,-0.013,-0.001) err=(-0.002,-0.002,-0.000)
   est_pos=(0.29,0.40,-5.00) tru_pos=(0.30,0.43,-5.04) est_vel=(-0.025,-0.016,0.017) ab=(0.000,0.000,0.009) vz_des=-0.026 acc_d=-0.074 thr=0.508 ez=0.001 iz=-0.026 d_est=-5.00 d_tru=-5.00
